127.0.0.1 - - [23/Mar/2026:10:00:00] "GET /login HTTP/1.1" 401
127.0.0.1 - - [23/Mar/2026:10:00:01] "GET /login HTTP/1.1" 401
127.0.0.1 - - [23/Mar/2026:10:00:02] "GET /login HTTP/1.1" 401
127.0.0.1 - - [23/Mar/2026:10:00:03] "GET /login HTTP/1.1" 401

192.168.1.10 - - [23/Mar/2026:10:01:00] "GET /search?q=admin' OR 1=1 HTTP/1.1" 200

10.0.0.5 - - [23/Mar/2026:10:02:00] "GET /page?<script>alert(1)</script> HTTP/1.1" 200
